2025-10-14 19:02:46,697 INFO Saved artifacts to C:\Users\iProg\OneDrive\Documents\Football_predict\nfl_prediction_system\NFL_ML_Predictions\backend\models
2025-10-14 19:02:46,698 INFO Done.
2025-10-14 19:04:41,436 INFO Saved artifacts to C:\Users\iProg\OneDrive\Documents\Football_predict\nfl_prediction_system\NFL_ML_Predictions\backend\models
2025-10-14 19:04:41,437 INFO Done.
2025-10-17 00:59:42,228 INFO Training home score regressor...
2025-10-17 01:22:57,770 INFO Training home score regressor...
2025-10-17 01:27:14,092 INFO Training home score regressor...
2025-10-17 01:28:28,831 INFO Training away score regressor...
2025-10-17 01:29:21,148 INFO Training win probability classifier...
2025-10-17 01:29:49,576 INFO Training home score regressor...
2025-10-17 01:30:55,158 INFO Training away score regressor...
2025-10-17 01:31:35,501 INFO Training win probability classifier...
2025-10-17 01:32:25,295 INFO Training home score regressor...
2025-10-17 01:33:17,698 INFO Training away score regressor...
2025-10-17 01:33:51,797 INFO Training win probability classifier...
2025-10-17 01:34:17,601 INFO Training home score regressor...
2025-10-17 01:35:17,139 INFO Training away score regressor...
2025-10-17 01:35:59,055 INFO Training win probability classifier...
2025-10-17 01:36:32,649 INFO Training home score regressor...
2025-10-17 01:37:42,928 INFO Training away score regressor...
2025-10-17 01:38:33,410 INFO Training win probability classifier...
2025-10-17 02:58:00,899 INFO Training home score regressor...
2025-10-17 02:59:53,808 INFO Training away score regressor...
2025-10-17 03:00:52,846 INFO Training win probability classifier...
2025-10-17 03:00:55,258 INFO Saving models to C:\Users\iProg\OneDrive\Documents\Football_predict\nfl_prediction_system\NFL_ML_Predictions\backend\models
2025-10-17 03:00:55,386 INFO Saved artifacts to C:\Users\iProg\OneDrive\Documents\Football_predict\nfl_prediction_system\NFL_ML_Predictions\backend\models
2025-10-17 03:00:55,387 INFO Done.
2025-10-17 03:01:39,019 INFO Training home score regressor...
2025-10-17 03:03:06,427 INFO Training away score regressor...
2025-10-17 03:04:13,402 INFO Training win probability classifier...
2025-10-17 03:04:16,114 INFO Saving models to C:\Users\iProg\OneDrive\Documents\Football_predict\nfl_prediction_system\NFL_ML_Predictions\backend\models
2025-10-17 03:04:16,322 INFO Saved artifacts to C:\Users\iProg\OneDrive\Documents\Football_predict\nfl_prediction_system\NFL_ML_Predictions\backend\models
2025-10-17 03:04:16,323 INFO Done.
